// Jest Snapshot v1, https://goo.gl/fbAQLP

exports[`BookstoreSuppliers matches snapshot 1`] = `"<div class=\\"hero\\"><div class=\\"content\\"><div class=\\"text\\"><h1>Need to order print copies for your campus?</h1><div class=\\"small-screen\\">We've got you covered. Check out your print options below.</div><div class=\\"larger-screen\\">If you're an instructor or student and would like to order a print copy of your book, please go to our <b><a href=\\"https://openstax.org/subjects\\">Subjects page</a></b> and select your book to view your options.</div></div></div><div class=\\"images\\"><img class=\\"desktop-bg\\" src=\\"/images/bookstore-suppliers/hero-bookstore-print-desktop.png\\"></div></div>"`;
