// Jest Snapshot v1, https://goo.gl/fbAQLP

exports[`UpperMenu matches snapshot 1`] = `"<a class=\\"nav-menu\\" href=\\"/bookstore-suppliers\\">Bookstores</a><a class=\\"nav-menu\\" href=\\"/impact\\">Our Impact</a><a class=\\"nav-menu\\" href=\\"/foundation\\">Supporters</a><a class=\\"nav-menu\\" href=\\"/give\\">Give</a><a class=\\"nav-menu\\" href=\\"https://openstax.secure.force.com/help\\">Help</a><a class=\\"logo rice-logo logo-wrapper\\" href=\\"http://www.rice.edu\\"><img src=\\"/images/rice.png\\" alt=\\"Rice University logo\\" height=\\"30\\"></a>"`;
