// Jest Snapshot v1, https://goo.gl/fbAQLP

exports[`Buckets matches snapshot 1`] = `"<div class=\\"buckets-section\\"><div class=\\"bucket  left\\"><div class=\\"quote\\"><div><span class=\\"title\\">Our Impact</span><blurb-html class=\\"blurb\\"><p>Faculty at over 3,000 institutions are opening doors for student success by adopting OpenStax.</p></blurb-html></div><a class=\\"btn primary\\" href=\\"http://openstax.org/impact\\">See Our Impact</a></div></div><div class=\\"bucket  left\\"><div class=\\"quote\\"><div><span class=\\"title\\">OpenStax Partners</span><blurb-html class=\\"blurb\\"><p>OpenStax partners have united with us to increase access to high-quality learning materials. Their low-cost tools integrate seamlessly with OpenStax books.</p></blurb-html></div><a class=\\"btn primary\\" href=\\"http://openstax.org/partners\\">View Partners</a></div></div></div>"`;
