// Jest Snapshot v1, https://goo.gl/fbAQLP

exports[`CategorySelector matches snapshot 1`] = `"<div class=\\"filter-buttons\\"><div class=\\"filter-button\\" tabindex=\\"0\\" role=\\"button\\" aria-pressed=\\"false\\"><span>View All</span></div><div class=\\"filter-button\\" tabindex=\\"0\\" role=\\"button\\" aria-pressed=\\"false\\"><span>Math</span></div><div class=\\"filter-button\\" tabindex=\\"0\\" role=\\"button\\" aria-pressed=\\"false\\"><span>Science</span></div><div class=\\"filter-button\\" tabindex=\\"0\\" role=\\"button\\" aria-pressed=\\"false\\"><span>Humanities</span></div><div class=\\"filter-button\\" tabindex=\\"0\\" role=\\"button\\" aria-pressed=\\"false\\"><span>Social Sciences</span></div><div class=\\"filter-button\\" tabindex=\\"0\\" role=\\"button\\" aria-pressed=\\"false\\"><span>Business</span></div></div>"`;
