// Jest Snapshot v1, https://goo.gl/fbAQLP

exports[`PaginatorControls operates by button clicks 1`] = `"<div class=\\"paginator\\"><div class=\\"button-bar\\"><button>Previous</button><button aria-selected=\\"false\\" aria-label=\\"page 1\\">1</button><button disabled=\\"\\" aria-selected=\\"true\\" aria-label=\\"page 2\\">2</button><button aria-selected=\\"false\\" aria-label=\\"page 3\\">3</button><button aria-selected=\\"false\\" aria-label=\\"page 4\\">4</button><button>Next</button></div><div class=\\"summary\\">11-20 of 33 for <b>''</b></div></div>"`;
